// Jest Snapshot v1, https://goo.gl/fbAQLP

exports[`ParentWithAPICallchild renders stubbed ComponentWithAsyncCall with mount and does initialize API call 1`] = `<div class="stub"></div>`;
